// Jest Snapshot v1, https://goo.gl/fbAQLP

exports[`renders with given props 1`] = `
Array [
  <div
    className="ui basic segment"
  >
    <div>
      <div
        className="ui segment"
      >
        <div
          className="ui items"
        >
          <div
            className="item"
          >
            <div
              className="content"
            >
              <h4>
                Order ID :
                 
                order123
              </h4>
              <div
                className="ui divider"
              />
              <div
                className="meta"
              >
                <h4>
                  Order Items
                </h4>
              </div>
              <div
                className="accordion ui"
              >
                <div>
                  <div
                    className="title"
                    onClick={[Function]}
                  >
                    <i
                      aria-hidden="true"
                      className="dropdown icon"
                      onClick={[Function]}
                    />
                    dolor
                  </div>
                  <div
                    className="content"
                  >
                    <div
                      className="ui items"
                    >
                      <div
                        className="item"
                      >
                        <div
                          className="image"
                        >
                          <img
                            src="https://firebasestorage.googleapis.com/v0/b/ecom-cse.appspot.com/o/electronics-template%2Fdefault%20images%2FdefaultItem.jpg?alt=media&token=25d58086-a46e-42dc-9228-82a3b1a116d9"
                          />
                        </div>
                        <div
                          className="content"
                        >
                          <a
                            className="header"
                            href="/store123/Items/5ed111295a728d32a9ca49b7"
                          >
                            dolor
                          </a>
                          <div
                            className="ui two column grid"
                          >
                            <div
                              className="column"
                            >
                              <div
                                className="accordion ui"
                              >
                                <div>
                                  <div
                                    className="title"
                                    onClick={[Function]}
                                  >
                                    <i
                                      aria-hidden="true"
                                      className="dropdown icon"
                                      onClick={[Function]}
                                    />
                                    Variants
                                  </div>
                                  <div
                                    className="content"
                                  >
                                    <div>
                                      <b>
                                        variant title 1
                                         
                                        :
                                      </b>
                                      <p>
                                        variant attribute 11
                                      </p>
                                      <br />
                                    </div>
                                    <div>
                                      <b>
                                        variant title 2
                                         
                                        :
                                      </b>
                                      <p>
                                        variant attribute 21
                                      </p>
                                      <br />
                                    </div>
                                  </div>
                                </div>
                              </div>
                            </div>
                            <div
                              className="column"
                            >
                              <div
                                className="meta"
                              >
                                Unit price :
                              </div>
                              <div
                                className="description"
                              >
                                USD 100.00
                              </div>
                              <div
                                className="meta"
                              >
                                Quantity :
                              </div>
                              <div
                                className="description"
                              >
                                x
                                 
                                1
                              </div>
                              <div
                                className="meta"
                              >
                                <b>
                                  Sub Total :
                                </b>
                              </div>
                              <div
                                className="description"
                              >
                                <h4>
                                  <b>
                                    USD 100.00
                                  </b>
                                </h4>
                              </div>
                            </div>
                          </div>
                        </div>
                      </div>
                    </div>
                  </div>
                </div>
              </div>
              <div
                className="ui divider"
              />
              <div
                className="ui two column grid"
              >
                <div
                  className="column"
                >
                  <div
                    className="meta"
                  >
                    Order Date :
                  </div>
                  <div
                    className="description"
                  >
                    Mon Dec 24 2018 10:33:30 GMT+0530 (India Standard Time)
                  </div>
                  <div
                    className="meta"
                  >
                    Order State :
                  </div>
                  <div
                    className="description"
                  >
                    Paid
                  </div>
                  <div
                    className="meta"
                  >
                    Shipping Address :
                  </div>
                  <div
                    className="description"
                  >
                    
                  </div>
                </div>
                <div
                  className="column"
                >
                  <div
                    className="meta"
                  >
                    Total Price:
                  </div>
                  <div
                    className="description"
                  >
                    <h1>
                      USD 3200.00
                    </h1>
                  </div>
                  <div
                    className="meta"
                  >
                    Payment Method :
                  </div>
                  <div
                    className="description"
                  >
                    paypal
                  </div>
                </div>
              </div>
            </div>
          </div>
        </div>
      </div>
      <div
        className="ui hidden divider"
      />
    </div>
  </div>,
  ",",
]
`;
